// Jest Snapshot v1, https://goo.gl/fbAQLP

exports[`FileSystemService getFileInfo() returns file information for valid file path 1`] = `
{
  "exists": true,
  "stats": {
    "filePath": "/home/sparta/Documents/github/file-wallet/main/services/file-system.ts",
    "fileType": "video/mp2t",
    "size": 642,
  },
}
`;
